// Jest Snapshot v1, https://goo.gl/fbAQLP

exports[`Assign renders snapshot correctly 1`] = `null`;
