// Jest Snapshot v1, https://goo.gl/fbAQLP

exports[`Capture renders snapshot correctly 1`] = `null`;
